// Jest Snapshot v1, https://goo.gl/fbAQLP

exports[`<Bus /> renders and matches snapshot 1`] = `
<Bus
  number={1}
  trips={
    Array [
      Object {
        "endTime": 150,
        "id": 1,
        "startTime": 30,
      },
    ]
  }
>
  <styled.div
    className="Bus"
    onClick={[Function]}
  >
    <StyledComponent
      className="Bus"
      forwardedComponent={
        Object {
          "$$typeof": Symbol(react.forward_ref),
          "attrs": Array [],
          "componentStyle": ComponentStyle {
            "componentId": "sc-bwzfXH",
            "isStatic": false,
            "lastClassName": "iqFWvV",
            "rules": Array [
              "
  position: relative;
  border-top: 1px solid #BDBDBD;
  height: 50px;
  cursor: pointer;

  .Bus__info {
    width: 140px;
    border-right: 1px solid #BDBDBD;
  }
  
  .Bus__number {
    display: inline-block;
    line-height: 50px;
    padding: 0 20px;
    font-weight: 600;
  }

  .Bus__time {
    font-size: 10px;
    font-weight: 400;
    color: #9E9E9E;
  }

  &:nth-child(odd) {
    background-color:#F5F5F5;
  }
",
            ],
          },
          "displayName": "styled.div",
          "foldedComponentIds": Array [],
          "render": [Function],
          "styledComponentId": "sc-bwzfXH",
          "target": "div",
          "toString": [Function],
          "warnTooManyClasses": [Function],
          "withComponent": [Function],
        }
      }
      forwardedRef={null}
      onClick={[Function]}
    >
      <div
        className="sc-bwzfXH iqFWvV Bus"
        onClick={[Function]}
      >
        <div
          className="Bus__info"
        >
          <span
            className="Bus__number"
          >
            Bus 1
          </span>
          <span
            className="Bus__time"
          >
            0:30 
                - 
                2:30
          </span>
        </div>
        <Trip
          busNumber={1}
          key="trip-1"
          trip={
            Object {
              "endTime": 150,
              "id": 1,
              "startTime": 30,
            }
          }
        >
          <styled.div
            endTime={150}
            isSelected={false}
            onClick={[Function]}
            startTime={30}
          >
            <StyledComponent
              endTime={150}
              forwardedComponent={
                Object {
                  "$$typeof": Symbol(react.forward_ref),
                  "attrs": Array [],
                  "componentStyle": ComponentStyle {
                    "componentId": "sc-htpNat",
                    "isStatic": false,
                    "lastClassName": "jHRzPn",
                    "rules": Array [
                      "
  position: absolute;
  top: 50%;
  transform: translateY(-50%);
  display: flex;
  align-items: center;
  justify-content: center;
  border-radius: 4px;
  height: 30px;
  border: 1px solid #9E9E9E;
  width: ",
                      [Function],
                      "px;
  left: ",
                      [Function],
                      "px;
  background-color: ",
                      [Function],
                      ";
  cursor: pointer;
",
                    ],
                  },
                  "displayName": "styled.div",
                  "foldedComponentIds": Array [],
                  "render": [Function],
                  "styledComponentId": "sc-htpNat",
                  "target": "div",
                  "toString": [Function],
                  "warnTooManyClasses": [Function],
                  "withComponent": [Function],
                }
              }
              forwardedRef={null}
              isSelected={false}
              onClick={[Function]}
              startTime={30}
            >
              <div
                className="sc-htpNat jHRzPn"
                onClick={[Function]}
              >
                <span
                  className="Trip__number"
                >
                  1
                </span>
              </div>
            </StyledComponent>
          </styled.div>
        </Trip>
      </div>
    </StyledComponent>
  </styled.div>
</Bus>
`;
